../Core/Src/main.c:67:6:SPI_Soft_init	8	static
../Core/Src/main.c:72:6:clockSignal	8	static
../Core/Src/main.c:78:6:SPI_Soft_Tramsit	24	static
../Core/Src/main.c:93:9:SPI_Soft_Receive	16	static
../Core/Src/main.c:108:5:main	8	static
../Core/Src/main.c:156:6:SystemClock_Config	72	static
../Core/Src/main.c:193:13:MX_TIM2_Init	32	static
../Core/Src/main.c:238:13:MX_GPIO_Init	32	static
../Core/Src/main.c:274:6:HAL_TIM_PeriodElapsedCallback	16	static
../Core/Src/main.c:282:6:Error_Handler	4	static,ignoring_inline_asm
